run=35205555827
product_expected=01cf8157d8660e816cdc40cd5d36a2ff618a3dc8

== tools/operation_growth_native_last.log ==
operation-growth native patch prepared
boundary validation compatibility fixes prepared
semantic boundary v2 and fixture alignment prepared

== tools/operation_growth_native_candidate.log ==
candidate=a45cb666043ba18c43a38a0f1338551bdb096beb
tree=c0ce9246705e8c2e97cf8fcfba234650cedc1237

== tools/operation_growth_native_qualification.log ==
toolchain-check: go=1.25.13 protoc=3.21.12 govulncheck=v1.7.0
ok  	github.com/hvritual/yunka.io/pkg/contract	1.075s
ok  	yunka.io/app/cmd/boundarycore	0.007s
--- FAIL: TestAG062AddOperationPreservesExistingSealedStarter (0.06s)
    ag06_2_test.go:30: add operation: Operation Growth boundary outcome=architecture_review_required; review the plan boundaryDecision before changing the Service
--- FAIL: TestAX5ScaffoldCompilesThroughCanonicalContractChain (0.07s)
    compile_test.go:24: add operation: Operation Growth boundary outcome=architecture_review_required; review the plan boundaryDecision before changing the Service
--- FAIL: TestAddOperationRequiresExplicitSemanticsAndCreatesLandingFile (0.08s)
    main_test.go:68: add operation: Operation Growth boundary outcome=architecture_review_required; review the plan boundaryDecision before changing the Service
--- FAIL: TestPlanOperationIsReadOnlyDeterministicAndMatchesApply (0.13s)
    plan_test.go:83: add operation: Operation Growth boundary outcome=architecture_review_required; review the plan boundaryDecision before changing the Service
--- FAIL: TestPlanOperationCanonicalizesAuthenticationVocabulary (0.02s)
    plan_test.go:137: add operation: Operation Growth boundary outcome=architecture_review_required; review the plan boundaryDecision before changing the Service
FAIL
FAIL	yunka.io/app/cmd/add	0.859s
ok  	yunka.io/app/cmd/projectflow	2.794s
--- FAIL: TestReconcileChangeSetRejectsCreateSemanticDriftFromPlannedIntent (0.08s)
    changeset_reconcile_test.go:39: apply drifted create operation: add operation: Operation Growth boundary outcome=architecture_review_required; review the plan boundaryDecision before changing the Service
--- FAIL: TestT4RemediationBindingRejectsUnknownFinding (0.10s)
    changeset_remediation_test.go:14: bind remediation finding: change remediation bind: audit baseline: audit boundary growth: compile immutable baseline 5e4d66a1d9640eabf4dc71f64bafced1ea301eaf: contract source snapshot: contract: protoc failed: exit status 1: yunka/dsl/v1/options.proto: File not found.
        tenant.proto:3:1: Import "yunka/dsl/v1/options.proto" was not found or had errors.
--- FAIL: TestT4RemediationCheckRejectsRemainingTarget (0.10s)
    changeset_remediation_test.go:22: bind remediation finding: change remediation bind: audit baseline: audit boundary growth: compile immutable baseline 5e4d66a1d9640eabf4dc71f64bafced1ea301eaf: contract source snapshot: contract: protoc failed: exit status 1: yunka/dsl/v1/options.proto: File not found.
        tenant.proto:3:1: Import "yunka/dsl/v1/options.proto" was not found or had errors.
--- FAIL: TestT4RemediationCheckRejectsReplacementWithNewDebt (0.09s)
    changeset_remediation_test.go:36: bind remediation finding: change remediation bind: audit baseline: audit boundary growth: compile immutable baseline 5e4d66a1d9640eabf4dc71f64bafced1ea301eaf: contract source snapshot: contract: protoc failed: exit status 1: yunka/dsl/v1/options.proto: File not found.
        tenant.proto:3:1: Import "yunka/dsl/v1/options.proto" was not found or had errors.
--- FAIL: TestT4RemediationCheckPassesOnlyWhenFindingIsActuallyFixed (0.08s)
    changeset_remediation_test.go:56: bind remediation finding: change remediation bind: audit baseline: audit boundary growth: compile immutable baseline 5e4d66a1d9640eabf4dc71f64bafced1ea301eaf: contract source snapshot: contract: protoc failed: exit status 1: yunka/dsl/v1/options.proto: File not found.
        tenant.proto:3:1: Import "yunka/dsl/v1/options.proto" was not found or had errors.
--- FAIL: TestT4RemediationBindingIsDigestBoundAndStrict (0.10s)
    changeset_remediation_test.go:74: bind remediation finding: change remediation bind: audit baseline: audit boundary growth: compile immutable baseline 927426bab2063802655aafd7f5f2d6af5c478bb6: contract source snapshot: contract: protoc failed: exit status 1: yunka/dsl/v1/options.proto: File not found.
        tenant.proto:3:1: Import "yunka/dsl/v1/options.proto" was not found or had errors.
--- FAIL: TestIssue160SourceScopeMultiSubjectAndCreate (0.16s)
    --- FAIL: TestIssue160SourceScopeMultiSubjectAndCreate/create-with-unrelated-edit (0.07s)
        contract_sources_test.go:285: change set begin: revalidate create plan /tmp/TestIssue160SourceScopeMultiSubjectAndCreatecreate-with-unrelat488733546/001/.git/create.json: add operation plan: add operation: Operation Growth boundary outcome=architecture_review_required; review the plan boundaryDecision before changing the Service
{
  "schemaVersion": 2,
  "baseSha": "b97f08e12691e7fd6a42b7ccc6c861f5be4dc2d9",
  "reconciliation": {
    "schemaVersion": 2,
    "baseSha": "b97f08e12691e7fd6a42b7ccc6c861f5be4dc2d9",
    "operationId": "change-set",
    "changes": [
      {
        "status": "M",
        "path": "contracts/proto/other.proto",
        "class": "outside"
      }
    ],
    "violations": [
      {
        "kind": "contract-declaration",
        "path": "contracts/proto/other.proto",
        "detail": "message scope.v1.OtherRequest is outside declared Operation DTO references"
      },
      {
        "kind": "contract-source",
        "path": "contracts/proto/other.proto",
        "detail": "protobuf file is not a source of the declared base Operation/DTO graph; imports, explicit path-array edits and current new references do not widen this bound"
      },
      {
        "kind": "scope",
        "path": "contracts/proto/other.proto",
        "detail": "actual Git delta is outside the declared change contract"
      }
    ]
  },
  "semantic": {
    "schemaVersion": 1,
    "deltas": [],
    "violations": []
  },
  "contractSources": {
    "policy": "operation-declaration-sources/v1",
    "baseSha": "b97f08e12691e7fd6a42b7ccc6c861f5be4dc2d9",
    "evidence": "canonical_base_and_current_source_compilation",
    "subjects": [
      {
        "operationId": "scope.update",
        "sourceFiles": [
          "contracts/proto/common.proto",
          "contracts/proto/dto.proto",
          "contracts/proto/service.proto"
        ],
        "messageTypes": [
          "scope.v1.Label",
          "scope.v1.Metadata",
          "scope.v1.UpdateRequest",
          "scope.v1.UpdateResponse"
        ],
        "enumTypes": [
          "scope.v1.State"
        ]
      }
    ],
    "violations": [
      {
        "kind": "contract-declaration",
        "path": "contracts/proto/other.proto",
        "detail": "message scope.v1.OtherRequest is outside declared Operation DTO references"
      },
      {
        "kind": "contract-source",
        "path": "contracts/proto/other.proto",
        "detail": "protobuf file is not a source of the declared base Operation/DTO graph; imports, explicit path-array edits and current new references do not widen this bound"
      }
    ],
    "semantic": {
      "schemaVersion": 1,
      "deltas": [],
      "violations": []
    }
  },
  "conformant": false
}
change contract .git/yunka/change-contract.json
base            b40550ac7e08369f5c7daf84acefae5fbeab70d5
operation       tenant.suspend
intent          both
editable paths  1
editable scopes 1
allowed semantic 
next            yunka change check
{
  "schemaVersion": 2,
  "baseSha": "b40550ac7e08369f5c7daf84acefae5fbeab70d5",
  "operationId": "tenant.suspend",
  "changes": [],
  "violations": []
}
{
  "path": ".git/yunka/change-attestation.json",
  "attestation": {
    "schemaVersion": 2,
    "baseSha": "b40550ac7e08369f5c7daf84acefae5fbeab70d5",
    "headSha": "b40550ac7e08369f5c7daf84acefae5fbeab70d5",
    "operationId": "tenant.suspend",
    "reconciliation": {
      "schemaVersion": 2,
      "baseSha": "b40550ac7e08369f5c7daf84acefae5fbeab70d5",
      "operationId": "tenant.suspend",
      "changes": [],
      "violations": []
    },
    "semantic": {
      "schemaVersion": 1,
      "operationId": "tenant.suspend",
      "deltas": [],
      "violations": []
    },
    "gates": [
      {
        "name": "git-delta",
        "status": "pass"
      },
      {
        "name": "yunka-check",
        "status": "pass"
      },
      {
        "name": "semantic-delta",
        "status": "pass"
      },
      {
        "name": "architecture-debt",
        "status": "fail",
        "detail": "architecture debt proof: audit boundary growth: compile immutable baseline b40550ac7e08369f5c7daf84acefae5fbeab70d5: contract source snapshot: contract: protoc failed: exit status 1: yunka/dsl/v1/options.proto: File not found.\ntenant.proto:3:1: Import \"yunka/dsl/v1/options.proto\" was not found or had errors."
      },
      {
        "name": "quality-debt",
        "status": "skipped",
        "detail": "deterministic debt evidence failed"
      },
      {
        "name": "go-test",
        "status": "pass"
      }
    ],
    "diagnostics": [
      {
        "code": "YUNKA-DX-CHANGE-003",
        "severity": "error",
        "stage": "architecture-debt",
        "summary": "canonical evidence required to build a change plan is unavailable or invalid",
        "detail": "architecture debt proof: audit boundary growth: compile immutable baseline b40550ac7e08369f5c7daf84acefae5fbeab70d5: contract source snapshot: contract: protoc failed: exit status 1: yunka/dsl/v1/options.proto: File not found.\ntenant.proto:3:1: Import \"yunka/dsl/v1/options.proto\" was not found or had errors.",
        "actions": [
          {
            "kind": "command",
            "label": "Regenerate canonical facts",
            "value": "yunka generate"
          },
          {
            "kind": "command",
            "label": "Validate canonical facts",
            "value": "yunka check --format agent-json"
          }
        ]
      }
    ],
    "conformant": false
  }
}
--- FAIL: TestIssue151DefaultProtocolWithoutIgnore (16.64s)
    default_control_state_test.go:54: default verify (including Go tests): 
FAIL
FAIL	yunka.io/app/cmd/change	21.279s
ok  	yunka.io/app/cmd/audit	0.911s
ok  	yunka.io/app/cmd/auditcore	0.135s
FAIL
